[Licensing::Module] Trying to connect to existing licensing client channel...
Built from '6000.4/staging' branch; Version is '6000.4.0f1 (8cf496087c8f) revision 9237654'; Using compiler version '194234433'; Build Type 'Release'
[Licensing::IpcConnector] Successfully connected to: "LicenseClient-Ruben G" at "2026-05-12T13:45:49.3614828Z"
OS: 'Windows 11  (10.0.26100) CoreSingleLanguage' Language: 'es' Physical Memory: 32497 MB
BatchMode: 1, IsHumanControllingUs: 0, StartBugReporterOnCrash: 0, Is64bit: 1
System  architecture: x64
Process architecture: x64
Date: 2026-05-12T13:45:49Z

COMMAND LINE ARGUMENTS:
C:\Program Files\Unity\Hub\Editor\6000.4.0f1\Editor\Unity.exe
-adb2
-batchMode
-noUpm
-name
AssetImportWorker1
-projectPath
C:/Users/Ruben G/Downloads/30032026-20260512T100507Z-3-001/30032026
-logFile
Logs/AssetImportWorker1.log
-srvPort
59997
-licensingIpc
LicenseClient-Ruben G
-force-d3d12
-job-worker-count
9
-background-job-worker-count
8
-gc-helper-count
1
-name
AssetImport
Successfully changed project path to: C:/Users/Ruben G/Downloads/30032026-20260512T100507Z-3-001/30032026
C:/Users/Ruben G/Downloads/30032026-20260512T100507Z-3-001/30032026
[UnityMemory] Configuration Parameters - Can be set up in boot.config
    "memorysetup-temp-allocator-size-gi-baking-worker=262144"
    "memorysetup-temp-allocator-size-gi-baking-worker=262144"
    "memorysetup-temp-allocator-size-gi-baking-worker=262144"
    "memorysetup-temp-allocator-size-gi-baking-worker=262144"
    "memorysetup-temp-allocator-size-gi-baking-worker=262144"
    "memorysetup-temp-allocator-size-nav-mesh-worker=65536"
    "memorysetup-temp-allocator-size-audio-worker=65536"
    "memorysetup-temp-allocator-size-cloud-worker=32768"
    "memorysetup-temp-allocator-size-gfx=262144"
    "memorysetup-temp-allocator-size-preload-manager=33554432"
    "memorysetup-temp-allocator-size-job-worker=262144"
    "memorysetup-temp-allocator-size-background-worker=32768"
    "memorysetup-allocator-temp-initial-block-size-main=262144"
    "memorysetup-allocator-temp-initial-block-size-worker=262144"
    "memorysetup-bucket-allocator-granularity=16"
    "memorysetup-bucket-allocator-bucket-count=8"
    "memorysetup-bucket-allocator-block-size=33554432"
    "memorysetup-bucket-allocator-block-count=8"
    "memorysetup-main-allocator-block-size=16777216"
    "memorysetup-thread-allocator-block-size=16777216"
    "memorysetup-gfx-main-allocator-block-size=16777216"
    "memorysetup-gfx-thread-allocator-block-size=16777216"
    "memorysetup-cache-allocator-block-size=4194304"
    "memorysetup-typetree-allocator-block-size=2097152"
    "memorysetup-profiler-bucket-allocator-granularity=16"
    "memorysetup-profiler-bucket-allocator-bucket-count=8"
    "memorysetup-profiler-bucket-allocator-block-size=33554432"
    "memorysetup-profiler-bucket-allocator-block-count=8"
    "memorysetup-profiler-allocator-block-size=16777216"
    "memorysetup-profiler-editor-allocator-block-size=1048576"
    "memorysetup-temp-allocator-size-main=16777216"
    "memorysetup-job-temp-allocator-block-size=2097152"
    "memorysetup-job-temp-allocator-block-size-background=1048576"
    "memorysetup-job-temp-allocator-reduction-small-platforms=262144"
Player connection [7896]  Target information:

Player connection [7896]  * "[IP] 10.129.27.205 [Port] 0 [Flags] 2 [Guid] 2268614396 [EditorId] 2268614396 [Version] 1048832 [Id] WindowsEditor(7,Ruben) [Debug] 1 [PackageName] WindowsEditor [ProjectName] Editor" 

Player connection [7896] Host joined multi-casting on [225.0.0.222:54997]...
Player connection [7896] Host joined alternative multi-casting on [225.0.0.222:34997]...
JobSystem: Creating JobQueue using job-worker-count value 9
Input System module state changed to: Initialized.
[Physics::Module] Initialized fallback backend.
[Physics::Module] Id: 0xdecafbad
Library Redirect Path: Library/
[Physics::Module] Selected backend.
[Physics::Module] Name: PhysX
[Physics::Module] Id: 0xf2b8ea05
[Physics::Module] SDK Version: 4.1.2
[Physics::Module] Integration Version: 1.0.0
[Physics::Module] Threading Mode: Multi-Threaded
Refreshing native plugins compatible for Editor in 3.13 ms, found 4 plugins.
Initialize engine version: 6000.4.0f1 (8cf496087c8f)
[Subsystems] Discovering subsystems at path C:/Program Files/Unity/Hub/Editor/6000.4.0f1/Editor/Data/Resources/UnitySubsystems
[Subsystems] Discovering subsystems at path C:/Users/Ruben G/Downloads/30032026-20260512T100507Z-3-001/30032026/Assets
Forcing GfxDevice: Direct3D 12
GfxDevice: creating device client; kGfxThreadingModeNonThreaded
d3d12: failed to query info queue interface (0x80004002).
Direct3D:
    Version:         Direct3D 12 [level 12.1]
    Renderer:        Intel(R) Iris(R) Xe Graphics (ID=0xa7a0)
    Vendor:          Intel
    VRAM:            16248 MB
    App VRAM Budget: 15480 MB
    Driver:          32.0.101.6987
    Unified Memory Architecture
    Cache Coherent UMA
Initialize mono
Mono path[0] = 'C:/Program Files/Unity/Hub/Editor/6000.4.0f1/Editor/Data/Managed'
Mono path[1] = 'C:/Program Files/Unity/Hub/Editor/6000.4.0f1/Editor/Data/MonoBleedingEdge/lib/mono/unityjit-win32'
Mono config path = 'C:/Program Files/Unity/Hub/Editor/6000.4.0f1/Editor/Data/MonoBleedingEdge/etc'
Using monoOptions --debugger-agent=transport=dt_socket,embedding=1,server=y,suspend=n,address=127.0.0.1:56508
CodeReloadManager initialized
Begin MonoManager ReloadAssembly
Registering precompiled unity dll's ...
Register platform support module: C:/Program Files/Unity/Hub/Editor/6000.4.0f1/Editor/Data/PlaybackEngines/WindowsStandaloneSupport/UnityEditor.WindowsStandalone.Extensions.dll
Registered in 0.001148 seconds.
[Licensing::Client] Error: HandshakeResponse reported an error:
	ResponseCode: 505
	ResponseStatus: Unsupported protocol version '1.18.1'.
[Licensing::Module] Error: Failed to handshake to channel: "LicenseClient-Ruben G"
[Licensing::IpcConnector] LicenseClient-Ruben G channel disconnected successfully.
[Licensing::IpcConnector] Successfully connected to: "LicenseClient-Ruben G-6000.4.0" at "2026-05-12T13:45:50.2764974Z"
Native extension for WindowsStandalone target not found
Package Manager log level set to [2]
[Package Manager] Failed to launch server process. Reason: Unity was launched with the -noUpm command-line argument
[Package Manager] Unable to send message (not connected to server process).
[Package Manager] Cannot connect to Unity Package Manager local server
ScheduleIndexationOnStartup MainProcess:False IndexOnStartup:True
Mono: successfully reloaded assembly
- Finished resetting the current domain, in  0.391 seconds
Domain Reload Profiling: 803ms
	BeginReloadAssembly (126ms)
	RebuildCommonClasses (34ms)
	RebuildNativeTypeToScriptingClass (11ms)
	initialDomainReloadingComplete (54ms)
	LoadAllAssembliesAndSetupDomain (185ms)
		LoadAssemblies (123ms)
		AnalyzeDomain (175ms)
			TypeCache.Refresh (173ms)
				TypeCache.ScanAssembly (160ms)
	FinalizeReload (392ms)
		SetupLoadedEditorAssemblies (0ms)
			InitializePlatformSupportModulesInManaged (50ms)
			BeforeProcessingInitializeOnLoad (94ms)
			ProcessInitializeOnLoadAttributes (99ms)
			ProcessInitializeOnLoadMethodAttributes (82ms)
Assembly reference Packages/com.unity.cinemachine/Editor/Samples/ExposeHDRPInternals/HDRP-Editor-ref.asmref has no target assembly definition
========================================================================
Worker process is ready to serve import requests
Import Worker Mode flag is 0x00
Assembly reference Packages/com.unity.cinemachine/Editor/Samples/ExposeHDRPInternals/HDRP-Editor-ref.asmref has no target assembly definition
Assembly reference Packages/com.unity.cinemachine/Editor/Samples/ExposeHDRPInternals/HDRP-Editor-ref.asmref has no target assembly definition
[Licensing::Client] Handshaking with LicensingClient:
  Version:                 1.18.1+9fbee8e
  Session Id:              f216597e886f4cc19d59165c47be112f
  Correlation Id:          661c2bbf9c2ad342f14bdd8f358831f2
  External correlation Id: 7707160369321257853
  Machine Id:              NENznBfcoSW6NXQsx0rHvuiIPpI=
[Licensing::Module] Successfully connected to LicensingClient on channel: "LicenseClient-Ruben G-6000.4.0" (connect: 0.00s, validation: 0.00s, handshake: 0.79s)
[Licensing::IpcConnector] Successfully connected to: "LicenseClient-Ruben G-6000.4.0-notifications" at "2026-05-12T13:45:51.0697798Z"
[Licensing::Module] Licensing Background thread has ended after 1.71s
Begin MonoManager ReloadAssembly
[Licensing::Client] Successfully resolved entitlement details
[Licensing::Module] License group:
  Id: 20067047366488-UnityPersXXXX
  Product: Unity Personal
  Type: Assigned
  Expiration: Unlimited
Assembly Assembly-CSharp-Editor-firstpass.dll at Library/ScriptAssemblies/Assembly-CSharp-Editor-firstpass.dll not valid. Loading of assembly skipped.
Assembly Assembly-CSharp-Editor.dll at Library/ScriptAssemblies/Assembly-CSharp-Editor.dll not valid. Loading of assembly skipped.
Assembly Assembly-CSharp-firstpass.dll at Library/ScriptAssemblies/Assembly-CSharp-firstpass.dll not valid. Loading of assembly skipped.
Assembly DocCodeExamples.dll at Library/ScriptAssemblies/DocCodeExamples.dll not valid. Loading of assembly skipped.
Assembly TestNewCustomAssembly.dll at Library/ScriptAssemblies/TestNewCustomAssembly.dll not valid. Loading of assembly skipped.
Assembly Unity.2D.Animation.EditorTests.dll at Library/ScriptAssemblies/Unity.2D.Animation.EditorTests.dll not valid. Loading of assembly skipped.
Assembly Unity.2D.Aseprite.EditorTests.dll at Library/ScriptAssemblies/Unity.2D.Aseprite.EditorTests.dll not valid. Loading of assembly skipped.
Assembly Unity.2D.Common.EditorTests.dll at Library/ScriptAssemblies/Unity.2D.Common.EditorTests.dll not valid. Loading of assembly skipped.
Assembly Unity.2D.Psdimporter.EditorTests.dll at Library/ScriptAssemblies/Unity.2D.Psdimporter.EditorTests.dll not valid. Loading of assembly skipped.
Assembly Unity.2D.Sprite.Package.EditorTests.dll at Library/ScriptAssemblies/Unity.2D.Sprite.Package.EditorTests.dll not valid. Loading of assembly skipped.
Assembly Unity.2D.SpriteShape.EditorTests.dll at Library/ScriptAssemblies/Unity.2D.SpriteShape.EditorTests.dll not valid. Loading of assembly skipped.
Assembly Unity.2D.Tilemap.Package.EditorTests.dll at Library/ScriptAssemblies/Unity.2D.Tilemap.Package.EditorTests.dll not valid. Loading of assembly skipped.
Assembly Unity.Collections.BurstCompatibilityGen.dll at Library/ScriptAssemblies/Unity.Collections.BurstCompatibilityGen.dll not valid. Loading of assembly skipped.
Assembly Unity.Collections.DocCodeSamples.dll at Library/ScriptAssemblies/Unity.Collections.DocCodeSamples.dll not valid. Loading of assembly skipped.
Assembly Unity.Collections.PerformanceTests.dll at Library/ScriptAssemblies/Unity.Collections.PerformanceTests.dll not valid. Loading of assembly skipped.
Assembly Unity.Collections.Tests.dll at Library/ScriptAssemblies/Unity.Collections.Tests.dll not valid. Loading of assembly skipped.
Assembly Unity.Collections.Tests.Playmode.dll at Library/ScriptAssemblies/Unity.Collections.Tests.Playmode.dll not valid. Loading of assembly skipped.
Assembly Unity.InputSystem.IntegrationTests.dll at Library/ScriptAssemblies/Unity.InputSystem.IntegrationTests.dll not valid. Loading of assembly skipped.
Assembly Unity.Mathematics.Tests.dll at Library/ScriptAssemblies/Unity.Mathematics.Tests.dll not valid. Loading of assembly skipped.
Assembly Unity.Multiplayer.Center.Editor.Tests.dll at Library/ScriptAssemblies/Unity.Multiplayer.Center.Editor.Tests.dll not valid. Loading of assembly skipped.
Assembly Unity.Multiplayer.Center.Tests.dll at Library/ScriptAssemblies/Unity.Multiplayer.Center.Tests.dll not valid. Loading of assembly skipped.
Assembly Unity.Nuget.Mono-Cecil.dll at Library/ScriptAssemblies/Unity.Nuget.Mono-Cecil.dll not valid. Loading of assembly skipped.
Assembly Unity.PathTracing.Editor.Tests.dll at Library/ScriptAssemblies/Unity.PathTracing.Editor.Tests.dll not valid. Loading of assembly skipped.
Assembly Unity.PathTracing.Runtime.Tests.dll at Library/ScriptAssemblies/Unity.PathTracing.Runtime.Tests.dll not valid. Loading of assembly skipped.
Assembly Unity.RenderPipelines.Core.Editor.Tests.dll at Library/ScriptAssemblies/Unity.RenderPipelines.Core.Editor.Tests.dll not valid. Loading of assembly skipped.
Assembly Unity.RenderPipelines.Core.Runtime.Tests.dll at Library/ScriptAssemblies/Unity.RenderPipelines.Core.Runtime.Tests.dll not valid. Loading of assembly skipped.
Assembly Unity.RenderPipelines.Universal.Config.Editor.Tests.dll at Library/ScriptAssemblies/Unity.RenderPipelines.Universal.Config.Editor.Tests.dll not valid. Loading of assembly skipped.
Assembly Unity.RenderPipelines.Universal.Editor.Tests.dll at Library/ScriptAssemblies/Unity.RenderPipelines.Universal.Editor.Tests.dll not valid. Loading of assembly skipped.
Assembly Unity.RenderPipelines.Universal.Runtime.Tests.dll at Library/ScriptAssemblies/Unity.RenderPipelines.Universal.Runtime.Tests.dll not valid. Loading of assembly skipped.
Assembly Unity.Searcher.EditorTests.dll at Library/ScriptAssemblies/Unity.Searcher.EditorTests.dll not valid. Loading of assembly skipped.
Assembly Unity.Settings.Tests.dll at Library/ScriptAssemblies/Unity.Settings.Tests.dll not valid. Loading of assembly skipped.
Assembly Unity.ShaderGraph.Editor.Tests.dll at Library/ScriptAssemblies/Unity.ShaderGraph.Editor.Tests.dll not valid. Loading of assembly skipped.
Assembly Unity.TextMeshPro.Editor.Tests.dll at Library/ScriptAssemblies/Unity.TextMeshPro.Editor.Tests.dll not valid. Loading of assembly skipped.
Assembly Unity.TextMeshPro.Tests.dll at Library/ScriptAssemblies/Unity.TextMeshPro.Tests.dll not valid. Loading of assembly skipped.
Assembly Unity.UnifiedRayTracing.Editor.Tests.dll at Library/ScriptAssemblies/Unity.UnifiedRayTracing.Editor.Tests.dll not valid. Loading of assembly skipped.
Assembly UnityEditor.UI.Common.Tests.dll at Library/ScriptAssemblies/UnityEditor.UI.Common.Tests.dll not valid. Loading of assembly skipped.
Assembly UnityEditor.UI.EditorTests.dll at Library/ScriptAssemblies/UnityEditor.UI.EditorTests.dll not valid. Loading of assembly skipped.
Assembly UnityEngine.UI.Tests.dll at Library/ScriptAssemblies/UnityEngine.UI.Tests.dll not valid. Loading of assembly skipped.
Assembly reference Packages/com.unity.cinemachine/Editor/Samples/ExposeHDRPInternals/HDRP-Editor-ref.asmref has no target assembly definition
'Packages/com.unity.cinemachine/Editor/Obsolete/CinemachineVirtualCameraBaseEditor.cs' contains partial class of Unity.Object, exactly 1 of the partial classes needs to be in a file with the same filename. This is to know the one that can be referenced from ie. GameObjects
'Packages/com.unity.cinemachine/Editor/Editors/CinemachineVirtualCameraBaseEditor.cs' contains partial class of Unity.Object, exactly 1 of the partial classes needs to be in a file with the same filename. This is to know the one that can be referenced from ie. GameObjects
Native extension for WindowsStandalone target not found
Assembly reference Packages/com.unity.cinemachine/Editor/Samples/ExposeHDRPInternals/HDRP-Editor-ref.asmref has no target assembly definition
[Package Manager] Failed to launch server process. Reason: Unity was launched with the -noUpm command-line argument
[Package Manager] Unable to send message (not connected to server process).
[Package Manager] Cannot connect to Unity Package Manager local server
[Package Manager] Failed to launch server process. Reason: Unity was launched with the -noUpm command-line argument
[Package Manager] Unable to send message (not connected to server process).
[Package Manager] Cannot connect to Unity Package Manager local server
[Package Manager] Failed to launch server process. Reason: Unity was launched with the -noUpm command-line argument
[Package Manager] Unable to send message (not connected to server process).
[Package Manager] Cannot connect to Unity Package Manager local server
ScheduleIndexationOnStartup MainProcess:False IndexOnStartup:True
Mono: successfully reloaded assembly
- Finished resetting the current domain, in  0.674 seconds
Domain Reload Profiling: 1400ms
	BeginReloadAssembly (151ms)
		DisableScriptedObjects (5ms)
		CreateAndSetChildDomain (24ms)
	RebuildCommonClasses (33ms)
	RebuildNativeTypeToScriptingClass (11ms)
	initialDomainReloadingComplete (55ms)
	LoadAllAssembliesAndSetupDomain (476ms)
		LoadAssemblies (301ms)
		AnalyzeDomain (255ms)
			TypeCache.Refresh (167ms)
				TypeCache.ScanAssembly (154ms)
			BuildScriptInfoCaches (76ms)
			ResolveRequiredComponents (10ms)
	FinalizeReload (675ms)
		SetupLoadedEditorAssemblies (0ms)
			BeforeProcessingInitializeOnLoad (125ms)
			ProcessInitializeOnLoadAttributes (290ms)
			ProcessInitializeOnLoadMethodAttributes (115ms)
			AfterProcessingInitializeOnLoad (3ms)
		AwakeInstancesAfterBackupRestoration (6ms)
Launched and connected shader compiler UnityShaderCompiler.exe after 0.04 seconds
Unloading 25 Unused Serialized files (Serialized files now loaded: 0)
Unloading 7405 unused Assets / (6.0 MB). Loaded Objects now: 8238.
Memory consumption went from 162.7 MB to 156.6 MB.
Total: 7.376500 ms (FindLiveObjects: 0.619400 ms CreateObjectMapping: 0.462200 ms MarkObjects: 4.257200 ms  DeleteObjects: 2.035900 ms)

========================================================================
Received Import Request.
  Time since last request: 70447.494417 seconds.
  path: Assets/Sprites/New Palette.prefab
  importAddress: Guid(a7cf123f179e7954093aadb88a7b7b2c) Importer(815301076,1909f56bfc062723c751e8b465ee728b)
Start importing Assets/Sprites/New Palette.prefab using Guid(a7cf123f179e7954093aadb88a7b7b2c) Importer(815301076,1909f56bfc062723c751e8b465ee728b) (PreviewImporter) -> (Import Result ID: 'c8fe883e05c18385b88436c03648fe54') in 0.5507684 seconds [static and dynamic dependencies]. Details - ImportResultOutputID=8fdfe0f0bc25a598196f85ae3fbb59a0 DependenciesID=592decd2e75d662fc0aff1fe098e8d50 StaticDependenciesID=c131fe9963a734fcb20f6f4be07ac46c 
Number of updated asset objects reloaded before import = 0Number of asset objects unloaded after import = 21

========================================================================
Received Import Request.
  Time since last request: 0.000071 seconds.
  path: Assets/Sprites/New Tile Palette.prefab
  importAddress: Guid(e31d4a6492c4b2d4aaa17a530621b13f) Importer(815301076,1909f56bfc062723c751e8b465ee728b)
Start importing Assets/Sprites/New Tile Palette.prefab using Guid(e31d4a6492c4b2d4aaa17a530621b13f) Importer(815301076,1909f56bfc062723c751e8b465ee728b) (PreviewImporter) -> (Import Result ID: '6268a35cafb4f7b38dda358bfb98fc4a') in 0.0385447 seconds [static and dynamic dependencies]. Details - ImportResultOutputID=cd0d639f2487e6b46ab1cdd27bcd4f7a DependenciesID=0457a0391ec38f0656893689df02a030 StaticDependenciesID=75630857a34d74e8f9e0736a3ae2671f 
Number of updated asset objects reloaded before import = 0Number of asset objects unloaded after import = 43

========================================================================
Received Import Request.
  Time since last request: 0.000047 seconds.
  path: Assets/Sprites/zarzas_coal_3.asset
  importAddress: Guid(e7a9d8d6d65b86343ae9395deb843eb2) Importer(815301076,1909f56bfc062723c751e8b465ee728b)
Start importing Assets/Sprites/zarzas_coal_3.asset using Guid(e7a9d8d6d65b86343ae9395deb843eb2) Importer(815301076,1909f56bfc062723c751e8b465ee728b) (PreviewImporter) -> (Import Result ID: '3d195c6c2bf74f035ed235ce8936f91d') in 0.0924957 seconds [static and dynamic dependencies]. Details - ImportResultOutputID=443982c168b6ae88060c6a9cd2d01034 DependenciesID=8c1183cf3354e5858ea33440d2b76685 StaticDependenciesID=6b5bbe71053146dcf893bd57e85e1c68 
Number of updated asset objects reloaded before import = 0Number of asset objects unloaded after import = 3

========================================================================
Received Import Request.
  Time since last request: 0.000049 seconds.
  path: Assets/Sprites/zarzas_coal_4.asset
  importAddress: Guid(7da685ed8c2adee478aa109e76cecbb8) Importer(815301076,1909f56bfc062723c751e8b465ee728b)
Start importing Assets/Sprites/zarzas_coal_4.asset using Guid(7da685ed8c2adee478aa109e76cecbb8) Importer(815301076,1909f56bfc062723c751e8b465ee728b) (PreviewImporter) -> (Import Result ID: '15cde76609fcc119e1c6e3539cadad20') in 0.0266239 seconds [static and dynamic dependencies]. Details - ImportResultOutputID=e84bf2bc9d792f4eaa96d0337d1325f1 DependenciesID=9ac3a8e89c5a14c69862946ee2852152 StaticDependenciesID=243ec6f164e62c0213666c5366557168 
Number of updated asset objects reloaded before import = 0Number of asset objects unloaded after import = 3

========================================================================
Received Import Request.
  Time since last request: 0.036417 seconds.
  path: Assets/Sprites/zarzas_coal_7.asset
  importAddress: Guid(1ba93736ad2c67b4e98273f0a3761af4) Importer(815301076,1909f56bfc062723c751e8b465ee728b)
Start importing Assets/Sprites/zarzas_coal_7.asset using Guid(1ba93736ad2c67b4e98273f0a3761af4) Importer(815301076,1909f56bfc062723c751e8b465ee728b) (PreviewImporter) -> (Import Result ID: '26956c24dc928cb2c4981b0c6994cacc') in 0.0220942 seconds [static and dynamic dependencies]. Details - ImportResultOutputID=c87f3c9f5c07e8f7d5eb4b416e6d3fd0 DependenciesID=b95a498e9eb8dd50914829fb6020c6f5 StaticDependenciesID=dbc0af13c0c1c7be2422271ef2211aff 
Number of updated asset objects reloaded before import = 0Number of asset objects unloaded after import = 3

========================================================================
Received Import Request.
  Time since last request: 0.000037 seconds.
  path: Assets/Sprites/zarzas_coal_9.asset
  importAddress: Guid(43747cf1a4a70b444b8cdf0e61983d40) Importer(815301076,1909f56bfc062723c751e8b465ee728b)
Start importing Assets/Sprites/zarzas_coal_9.asset using Guid(43747cf1a4a70b444b8cdf0e61983d40) Importer(815301076,1909f56bfc062723c751e8b465ee728b) (PreviewImporter) -> (Import Result ID: '47305bd5fd8b463aeef626e73bc0b597') in 0.0222383 seconds [static and dynamic dependencies]. Details - ImportResultOutputID=f0cd1be364360dbb3ed23356278687c8 DependenciesID=cba8877e5e987e512662db9d19f9c3d5 StaticDependenciesID=80935b0b964bd51af8dd26c55c35c0c0 
Number of updated asset objects reloaded before import = 0Number of asset objects unloaded after import = 3

========================================================================
Received Import Request.
  Time since last request: 0.000049 seconds.
  path: Assets/Sprites/zarzas_coal_12.asset
  importAddress: Guid(e34570332c6afd14493038543b37c926) Importer(815301076,1909f56bfc062723c751e8b465ee728b)
Start importing Assets/Sprites/zarzas_coal_12.asset using Guid(e34570332c6afd14493038543b37c926) Importer(815301076,1909f56bfc062723c751e8b465ee728b) (PreviewImporter) -> (Import Result ID: '13631fbb348a6126658a2194f0476e48') in 0.0225177 seconds [static and dynamic dependencies]. Details - ImportResultOutputID=cfc0824455a8e0a15c49dc9ba4c85ad4 DependenciesID=c8d1a06cf3c243fbe91563737b282787 StaticDependenciesID=276ed8b14d8a4267d3d2010afa5c9386 
Number of updated asset objects reloaded before import = 0Number of asset objects unloaded after import = 3

========================================================================
Received Import Request.
  Time since last request: 0.000029 seconds.
  path: Assets/Sprites/zarzas_coal_14.asset
  importAddress: Guid(99a65d89f4cb2d64e8c576bb401cf752) Importer(815301076,1909f56bfc062723c751e8b465ee728b)
Start importing Assets/Sprites/zarzas_coal_14.asset using Guid(99a65d89f4cb2d64e8c576bb401cf752) Importer(815301076,1909f56bfc062723c751e8b465ee728b) (PreviewImporter) -> (Import Result ID: '5b3dc946a79cff417091b24e508653fe') in 0.0220921 seconds [static and dynamic dependencies]. Details - ImportResultOutputID=54b96b75ecedeaf23d83bda5a77d1e93 DependenciesID=370f7c9f9868c5aaaa83f6e28ac99314 StaticDependenciesID=1448793aed1ea2645303c8e19972e797 
Number of updated asset objects reloaded before import = 0Number of asset objects unloaded after import = 3

========================================================================
Received Import Request.
  Time since last request: 0.961796 seconds.
  path: Assets/Sprites/zarzas_coal_19.asset
  importAddress: Guid(38d244d5b4b36af41bf79caecc498637) Importer(815301076,1909f56bfc062723c751e8b465ee728b)
Start importing Assets/Sprites/zarzas_coal_19.asset using Guid(38d244d5b4b36af41bf79caecc498637) Importer(815301076,1909f56bfc062723c751e8b465ee728b) (PreviewImporter) -> (Import Result ID: '8ea6832ec4a9b87acd1952e8135837e6') in 0.0269043 seconds [static and dynamic dependencies]. Details - ImportResultOutputID=0a2f689bc890810d5fad320a1964f975 DependenciesID=8e759e5254a95665b137de6835e05edd StaticDependenciesID=514e91e96841158e38a7ba08e1758d11 
Number of updated asset objects reloaded before import = 0Number of asset objects unloaded after import = 3

========================================================================
Received Import Request.
  Time since last request: 0.000026 seconds.
  path: Assets/Sprites/zarzas_coal_23.asset
  importAddress: Guid(643f704f427363946bcbdf6cdf0a7faa) Importer(815301076,1909f56bfc062723c751e8b465ee728b)
Start importing Assets/Sprites/zarzas_coal_23.asset using Guid(643f704f427363946bcbdf6cdf0a7faa) Importer(815301076,1909f56bfc062723c751e8b465ee728b) (PreviewImporter) -> (Import Result ID: 'bc8da4ec5f3f8f435cecb4ada4ae6260') in 0.023413 seconds [static and dynamic dependencies]. Details - ImportResultOutputID=e25088e52db070267caa14ed0bd3d6b2 DependenciesID=2acfe4b89c8a1a54ba1892691e8b6579 StaticDependenciesID=277d6cb33662e79d66b00d1c6ad1a1cd 
Number of updated asset objects reloaded before import = 0Number of asset objects unloaded after import = 3

========================================================================
Received Import Request.
  Time since last request: 0.000038 seconds.
  path: Assets/Sprites/zarzas_coal_20.asset
  importAddress: Guid(f6a19e3d8d953fe47a2a5db90002beee) Importer(815301076,1909f56bfc062723c751e8b465ee728b)
Start importing Assets/Sprites/zarzas_coal_20.asset using Guid(f6a19e3d8d953fe47a2a5db90002beee) Importer(815301076,1909f56bfc062723c751e8b465ee728b) (PreviewImporter) -> (Import Result ID: '2d406045e61fda893f4678dc91a7d5c3') in 0.0218751 seconds [static and dynamic dependencies]. Details - ImportResultOutputID=dd175199bb166daa69f790a44054d4cf DependenciesID=38b8158827fd498c385f0c219bcdd4b2 StaticDependenciesID=4e7c4a9161964a3fbf5cae50f38b6a95 
Number of updated asset objects reloaded before import = 0Number of asset objects unloaded after import = 3

========================================================================
Received Import Request.
  Time since last request: 0.000025 seconds.
  path: Assets/Sprites/zarzas_coal_29.asset
  importAddress: Guid(508a51ba5154bdb49aa784152fc23d83) Importer(815301076,1909f56bfc062723c751e8b465ee728b)
Start importing Assets/Sprites/zarzas_coal_29.asset using Guid(508a51ba5154bdb49aa784152fc23d83) Importer(815301076,1909f56bfc062723c751e8b465ee728b) (PreviewImporter) -> (Import Result ID: 'cf284111d5ea4f17f82b3cb10a78beee') in 0.0265116 seconds [static and dynamic dependencies]. Details - ImportResultOutputID=0987062a7c610143c66ff7f43d683d2a DependenciesID=73be060d33a557f8fd3e8e0cbeed0db9 StaticDependenciesID=85bedbce3f138b56a70b14230233969c 
Number of updated asset objects reloaded before import = 0Number of asset objects unloaded after import = 3

========================================================================
Received Import Request.
  Time since last request: 17.417373 seconds.
  path: Assets/Sprites/fondo1 mg.png
  importAddress: Guid(fea81196003827d48a83ae252e0be0db) Importer(2089858483,b0f066a214c2f5e87bad3c948f4d605d)
Start importing Assets/Sprites/fondo1 mg.png using Guid(fea81196003827d48a83ae252e0be0db) Importer(2089858483,b0f066a214c2f5e87bad3c948f4d605d) (ScriptedImporter) -> (Import Result ID: '91d3af07886e81a70e36d7f7adbabc6e') in 0.1397562 seconds [static and dynamic dependencies]. Details - ImportResultOutputID=fe3e7444b4b88e4d4b10217cfcf13551 DependenciesID=26ce542623a828b141706644e1741663 StaticDependenciesID=660dd09cc821bbe0af9937bbbcae07b5 
Number of updated asset objects reloaded before import = 0Number of asset objects unloaded after import = 3

Editor requested this worker to shutdown with reason: Scaling down because of idle timeout
AssetImportWorker is now disconnected from the server
Process exiting
Exiting without the bug reporter. Application will terminate with return code 0